     med     p25      p75  zero  turn |   L25med     p25  zero |   H75med     p25  zero | cfg
  150.32   91.02   193.98    0%   90% |    58.64    0.00   26% |   121.71   94.42    0% | clip=0.09
  139.00   95.88   171.93    0%   90% |    24.61    0.00   31% |   114.59   89.33    0% | clip=0.1 top_n=15
  135.52   85.86   179.05    0%   90% |    36.22    0.00   29% |   121.99   97.60    0% | dnclip=0.1
  135.52   85.86   179.05    0%   90% |    36.22    0.00   29% |   121.99   97.60    0% | clip=0.1
  127.26   62.85   168.72    0%   89% |    28.50    0.00   27% |   111.17   86.62    0% | clip=0.1 K=450
  125.45   67.65   168.84    0%   88% |    31.45    0.01   21% |   103.54   86.71    0% | clip=0.1 top_n=25
  110.62   67.51   144.03    0%   89% |    42.38    0.00   25% |   109.73   71.87    0% | clip=0.12
  107.25   46.11   144.76    2%   88% |    15.04    0.00   25% |    79.59   68.66    0% | clip=0.1 K=350
  102.47   68.42   125.68    0%   89% |    41.29    0.01   23% |    90.70   55.12    0% | clip=0.14
   99.01   59.04   157.60    0%   90% |    46.06    0.03   16% |    82.94   63.27    0% | dnclip=0.08
   99.01   59.04   157.60    0%   90% |    46.06    0.03   16% |    82.94   63.27    0% | clip=0.08
   93.03   62.65   129.86    0%   89% |    34.44    0.00   24% |    78.44   46.80    0% | dnclip=0.15
   88.95   58.10   124.03    0%   89% |    29.61    0.00   25% |    73.56   39.74    0% | clip=0.5
   88.95   58.10   124.03    0%   89% |    29.49    0.00   26% |    73.56   39.74    0% | clip=0.3
   88.86   59.67   129.65    0%   89% |    31.48    0.00   25% |    71.00   42.85    0% | clip=0.17
   88.00   56.19   129.18    0%   89% |    30.87    0.00   25% |    72.13   38.51    0% | plain
   87.24   59.46   124.27    0%   89% |    29.84    0.00   25% |    76.45   44.05    0% | clip=0.2
   75.99   36.26   112.11    2%   91% |    30.37    0.64   11% |    66.02   54.26    0% | clip=0.07
   70.33   34.23   100.63    2%   88% |    16.89    0.02   17% |    67.28   46.39    0% | clip=0.1 top_n=30
   69.18   23.72   104.19    4%   86% |     2.26    0.00   39% |    62.73   50.71    0% | clip=0.1 K=250
   59.29   26.82    79.62    2%   92% |    14.28    0.46    2% |    46.66   36.53    0% | clip=0.06
   22.64   10.88    46.32    2%   93% |     7.40    0.67    2% |    12.53    9.77    0% | dnclip=0.05
   22.64   10.88    46.32    2%   93% |     7.40    0.67    2% |    12.53    9.77    0% | clip=0.05
