      med      p25  zero  turn |      Lmed     Lp25 Lzero | cfg
    88.00    56.19    0%   89% |     30.87     0.00   25% | H=1 gap=0 K=524 vol_adj=False neutral=none
    74.73    39.92    2%   87% |     23.02     0.00   22% | H=1 gap=0 K=350 vol_adj=False neutral=none
    52.25    22.87    2%   87% |      0.09     0.00   48% | H=1 gap=0 K=200 vol_adj=True neutral=none
    45.13    29.10    0%   91% |     11.94     0.00   27% | H=1 gap=0 K=350 vol_adj=True neutral=none
    41.03    10.83    2%   75% |      5.61     0.05   18% | H=1 gap=0 K=100 vol_adj=False neutral=none
    37.70    11.93    2%   83% |      4.40     0.00   24% | H=1 gap=0 K=200 vol_adj=False neutral=none
    33.63    21.13    0%   93% |     12.54     0.00   29% | H=1 gap=0 K=524 vol_adj=True neutral=none
    15.85     2.07    6%   21% |      0.91     0.00   38% | H=10 gap=1 K=100 vol_adj=True neutral=sector
    15.52     2.34    4%   22% |      0.67     0.00   37% | H=10 gap=0 K=100 vol_adj=True neutral=sector
    13.98     5.77    2%   47% |      4.79     0.44    7% | H=5 gap=0 K=524 vol_adj=True neutral=sector
    13.60     1.91   11%   53% |      0.03     0.00   49% | H=3 gap=1 K=524 vol_adj=False neutral=sector
    13.04     3.34    2%   79% |      1.54     0.00   22% | H=1 gap=0 K=100 vol_adj=True neutral=none
    12.32     3.46    6%   69% |      1.17     0.02   19% | H=1 gap=0 K=100 vol_adj=True neutral=sector
    11.55     0.82    2%   78% |      0.42     0.00   31% | H=1 gap=0 K=200 vol_adj=False neutral=sector
    10.95     0.14   13%   58% |      0.03     0.00   41% | H=3 gap=1 K=524 vol_adj=True neutral=sector
    10.71     0.18    9%   28% |      0.15     0.00   30% | H=10 gap=0 K=350 vol_adj=False neutral=sector
    10.42     0.55    2%   21% |      0.49     0.02   15% | H=10 gap=0 K=100 vol_adj=False neutral=sector
     9.86     1.41    8%   37% |      0.57     0.00   18% | H=3 gap=1 K=100 vol_adj=True neutral=sector
     9.53     1.87    2%   50% |      0.69     0.00   36% | H=3 gap=0 K=350 vol_adj=False neutral=sector
     9.48     0.48    2%   65% |      6.78     0.35    4% | H=1 gap=0 K=100 vol_adj=False neutral=sector
     9.42     1.67    2%   83% |      4.23     0.16   10% | H=1 gap=0 K=350 vol_adj=False neutral=sector
     8.76     1.88    2%   86% |      4.99     0.04   16% | H=1 gap=0 K=524 vol_adj=False neutral=sector
     8.73     0.80    6%   21% |      0.56     0.00   31% | H=10 gap=1 K=100 vol_adj=False neutral=sector
     8.59     0.88    9%   36% |      0.16     0.00   41% | H=3 gap=1 K=100 vol_adj=False neutral=sector
     8.58     2.59    9%   39% |      0.33     0.00   38% | H=5 gap=0 K=350 vol_adj=False neutral=sector
     8.52     3.51    6%   42% |      0.12     0.00   41% | H=5 gap=0 K=524 vol_adj=False neutral=sector
     8.31     0.42   23%   34% |      0.00     0.00   51% | H=5 gap=0 K=100 vol_adj=False neutral=none
     8.20     1.68    9%   30% |      0.97     0.00   29% | H=5 gap=1 K=100 vol_adj=True neutral=sector
     7.84     2.46    8%   30% |      0.77     0.05    8% | H=5 gap=0 K=100 vol_adj=True neutral=sector
     7.47     0.47    9%   30% |      0.03     0.00   44% | H=10 gap=0 K=524 vol_adj=False neutral=sector
     6.95     1.34    4%   52% |      2.63     0.12    5% | H=3 gap=0 K=350 vol_adj=False neutral=none
     6.59     0.56    4%   53% |      0.06     0.00   37% | H=3 gap=0 K=524 vol_adj=False neutral=sector
     6.43     0.00   28%   52% |      0.00     0.00   54% | H=3 gap=1 K=350 vol_adj=False neutral=none
     5.86     1.08    2%   55% |      1.18     0.00   24% | H=3 gap=0 K=524 vol_adj=False neutral=none
     5.75     1.98   11%   28% |      0.08     0.00   47% | H=10 gap=1 K=200 vol_adj=True neutral=sector
     5.60     0.86   13%   84% |      0.03     0.00   45% | H=1 gap=0 K=200 vol_adj=True neutral=sector
     5.53     0.53   11%   45% |      0.02     0.00   49% | H=3 gap=1 K=200 vol_adj=False neutral=sector
     5.20     1.25    9%   60% |      0.45     0.02   14% | H=2 gap=1 K=350 vol_adj=False neutral=sector
     5.10     1.52    2%   61% |      0.17     0.00   32% | H=2 gap=0 K=350 vol_adj=False neutral=sector
     4.97     0.43    9%   58% |      0.05     0.00   42% | H=3 gap=0 K=524 vol_adj=True neutral=sector
     4.93     0.49   11%   47% |      2.17     0.59   10% | H=5 gap=1 K=524 vol_adj=True neutral=sector
     4.82     0.69   11%   34% |      1.44     0.02   11% | H=10 gap=1 K=524 vol_adj=True neutral=sector
     4.70     0.68   11%   31% |      0.70     0.00   28% | H=10 gap=0 K=350 vol_adj=True neutral=sector
     4.57     0.30   11%   44% |      1.33     0.00   24% | H=5 gap=1 K=350 vol_adj=True neutral=sector
     4.44     0.71   11%   65% |      0.49     0.01   18% | H=2 gap=1 K=524 vol_adj=False neutral=sector
     4.38     0.04   19%   44% |      0.69     0.00   26% | H=5 gap=1 K=350 vol_adj=False neutral=none
     4.36     0.30    6%   44% |      0.04     0.00   39% | H=5 gap=0 K=524 vol_adj=False neutral=none
     4.10     0.67   13%   89% |      0.26     0.00   25% | H=1 gap=0 K=350 vol_adj=True neutral=sector
     3.83     0.21    8%   28% |      0.20     0.00   24% | H=5 gap=1 K=100 vol_adj=False neutral=sector
     3.79     0.23   11%   47% |      0.31     0.00   26% | H=2 gap=1 K=100 vol_adj=True neutral=sector
     3.72     0.34   13%   42% |      0.00     0.00   49% | H=5 gap=1 K=524 vol_adj=False neutral=sector
     3.71     0.25    6%   37% |      1.12     0.04   10% | H=3 gap=0 K=100 vol_adj=True neutral=sector
     3.42     0.16   11%   39% |      0.08     0.00   36% | H=5 gap=0 K=200 vol_adj=False neutral=none
     3.40     0.07   13%   44% |      0.05     0.00   36% | H=5 gap=0 K=350 vol_adj=False neutral=none
     3.22     0.00   32%   55% |      0.00     0.00   62% | H=3 gap=1 K=524 vol_adj=False neutral=none
     3.20     0.47   11%   50% |      0.60     0.00   16% | H=3 gap=1 K=200 vol_adj=True neutral=sector
     3.20     0.43    9%   50% |      0.07     0.00   38% | H=3 gap=0 K=200 vol_adj=True neutral=sector
     3.19     0.65    9%   32% |      0.25     0.00   28% | H=10 gap=1 K=350 vol_adj=True neutral=sector
     3.01     0.15   13%   28% |      0.00     0.00   55% | H=10 gap=0 K=200 vol_adj=True neutral=sector
     2.98     0.17   11%   28% |      0.35     0.00   14% | H=5 gap=0 K=100 vol_adj=False neutral=sector
     2.79     0.32   11%   39% |      0.04     0.00   47% | H=5 gap=1 K=350 vol_adj=False neutral=sector
     2.74     0.06   11%   44% |      1.30     0.05   11% | H=5 gap=0 K=350 vol_adj=True neutral=sector
     2.73     0.62    6%   48% |      0.79     0.01   14% | H=3 gap=0 K=200 vol_adj=False neutral=none
     2.71     0.02   13%   36% |      0.45     0.03   11% | H=3 gap=0 K=100 vol_adj=False neutral=sector
     2.57     0.00   32%   48% |      0.00     0.00   54% | H=3 gap=1 K=200 vol_adj=False neutral=none
     2.56     0.24    4%   60% |      1.12     0.02    7% | H=3 gap=0 K=524 vol_adj=True neutral=none
     2.55     0.53   13%   66% |      0.00     0.00   55% | H=2 gap=0 K=350 vol_adj=True neutral=sector
     2.46     0.06    8%   47% |      0.47     0.00   16% | H=2 gap=0 K=100 vol_adj=True neutral=sector
     2.42     0.77    6%   91% |      0.13     0.00   20% | H=1 gap=0 K=524 vol_adj=True neutral=sector
     2.26     0.48    9%   39% |      0.23     0.00   29% | H=5 gap=0 K=200 vol_adj=True neutral=sector
     2.25     0.01   17%   42% |      0.09     0.00   35% | H=5 gap=0 K=200 vol_adj=True neutral=none
     2.14     0.06   11%   44% |      0.12     0.00   18% | H=2 gap=0 K=100 vol_adj=False neutral=sector
     2.04     0.11   13%   28% |      0.11     0.00   37% | H=10 gap=1 K=350 vol_adj=False neutral=sector
     1.96     0.11   13%   25% |      0.01     0.00   46% | H=10 gap=0 K=200 vol_adj=False neutral=sector
     1.92     0.22   11%   71% |      0.44     0.00   33% | H=2 gap=1 K=524 vol_adj=True neutral=sector
     1.91     0.00   26%   36% |      0.00     0.00   50% | H=5 gap=0 K=100 vol_adj=True neutral=none
     1.86     0.39   15%   30% |      0.00     0.00   52% | H=10 gap=1 K=524 vol_adj=False neutral=sector
     1.85     0.09   11%   44% |      0.28     0.00   19% | H=2 gap=1 K=100 vol_adj=False neutral=sector
     1.85     0.27   11%   35% |      0.02     0.00   48% | H=5 gap=1 K=200 vol_adj=False neutral=sector
     1.85     0.44    4%   58% |      0.07     0.00   38% | H=3 gap=0 K=350 vol_adj=True neutral=none
     1.82     0.03   23%   50% |      0.00     0.00   48% | H=3 gap=1 K=350 vol_adj=False neutral=sector
     1.72     0.13   13%   35% |      0.00     0.00   50% | H=5 gap=0 K=200 vol_adj=False neutral=sector
     1.60     0.00   19%   48% |      1.33     0.23    8% | H=5 gap=0 K=350 vol_adj=True neutral=none
     1.60     0.77    4%   65% |      0.00     0.00   45% | H=2 gap=0 K=524 vol_adj=False neutral=sector
     1.52     0.07   13%   45% |      0.00     0.00   50% | H=3 gap=0 K=200 vol_adj=False neutral=sector
     1.52     0.03   13%   55% |      0.17     0.00   33% | H=2 gap=1 K=200 vol_adj=False neutral=sector
     1.49     0.16    8%   55% |      0.00     0.00   50% | H=2 gap=0 K=200 vol_adj=False neutral=sector
     1.38     0.02   19%   68% |      0.00     0.00   55% | H=2 gap=0 K=524 vol_adj=False neutral=none
     1.33     0.07   13%   66% |      0.42     0.00   30% | H=2 gap=1 K=350 vol_adj=True neutral=sector
     1.31     0.05   13%   25% |      0.00     0.00   48% | H=10 gap=1 K=200 vol_adj=False neutral=sector
     1.27     0.11    9%   51% |      0.28     0.00   25% | H=3 gap=0 K=200 vol_adj=True neutral=none
     1.19     0.14    9%   69% |      0.23     0.00   35% | H=1 gap=1 K=100 vol_adj=True neutral=sector
     1.17     0.02   17%   39% |      0.25     0.00   31% | H=5 gap=1 K=200 vol_adj=True neutral=sector
     1.17     0.15   13%   55% |      0.00     0.00   54% | H=3 gap=0 K=350 vol_adj=True neutral=sector
     1.15     0.00   21%   86% |      0.00     0.00   49% | H=1 gap=1 K=524 vol_adj=False neutral=sector
     1.11     0.10    8%   65% |      0.08     0.00   31% | H=1 gap=1 K=100 vol_adj=False neutral=sector
     1.09     0.01   21%   41% |      0.10     0.00   24% | H=3 gap=0 K=100 vol_adj=False neutral=none
     1.01     0.00   25%   34% |      0.00     0.00   57% | H=5 gap=1 K=100 vol_adj=False neutral=none
     0.99     0.13    9%   60% |      1.18     0.07    8% | H=2 gap=1 K=200 vol_adj=True neutral=sector
     0.83     0.04   11%   53% |      0.00     0.00   49% | H=2 gap=0 K=100 vol_adj=False neutral=none
     0.79     0.14    8%   65% |      0.00     0.00   51% | H=2 gap=0 K=350 vol_adj=False neutral=none
     0.78     0.00   23%   24% |      0.00     0.00   46% | H=10 gap=0 K=100 vol_adj=False neutral=none
     0.75     0.17   11%   34% |      0.98     0.10    8% | H=10 gap=0 K=524 vol_adj=True neutral=sector
     0.72     0.00   21%   50% |      0.56     0.00   24% | H=5 gap=0 K=524 vol_adj=True neutral=none
     0.63     0.04   11%   44% |      0.09     0.00   39% | H=3 gap=0 K=100 vol_adj=True neutral=none
     0.47     0.00   26%   74% |      0.00     0.00   88% | H=2 gap=0 K=524 vol_adj=True neutral=none
     0.46     0.01   13%   61% |      0.00     0.00   62% | H=2 gap=0 K=200 vol_adj=False neutral=none
     0.37     0.00   32%   36% |      0.00     0.00   56% | H=5 gap=1 K=100 vol_adj=True neutral=none
     0.36     0.00   23%   83% |      0.00     0.00   57% | H=1 gap=1 K=350 vol_adj=False neutral=sector
     0.32     0.00   26%   44% |      0.00     0.00   49% | H=5 gap=1 K=524 vol_adj=False neutral=none
     0.26     0.00   28%   55% |      0.00     0.00   47% | H=3 gap=1 K=350 vol_adj=True neutral=sector
     0.23     0.00   34%   31% |      0.00     0.00   45% | H=10 gap=1 K=524 vol_adj=False neutral=none
     0.18     0.00   23%   83% |      0.00     0.00   53% | H=1 gap=1 K=200 vol_adj=False neutral=none
     0.17     0.00   34%   65% |      0.40     0.01   15% | H=2 gap=1 K=350 vol_adj=False neutral=none
     0.14     0.00   36%   31% |      0.41     0.00   31% | H=10 gap=0 K=524 vol_adj=False neutral=none
     0.11     0.00   34%   27% |      0.26     0.00   28% | H=10 gap=0 K=200 vol_adj=False neutral=none
     0.10     0.00   40%   50% |      0.00     0.00   41% | H=5 gap=1 K=524 vol_adj=True neutral=none
     0.10     0.00   34%   39% |      0.00     0.00   41% | H=5 gap=1 K=200 vol_adj=False neutral=none
     0.10     0.00   36%   48% |      0.07     0.00   25% | H=5 gap=1 K=350 vol_adj=True neutral=none
     0.07     0.00   40%   41% |      0.00     0.00   63% | H=3 gap=1 K=100 vol_adj=False neutral=none
     0.05     0.00   42%   61% |      0.38     0.00   22% | H=2 gap=1 K=200 vol_adj=False neutral=none
     0.05     0.00   36%   78% |      0.00     0.00   61% | H=1 gap=1 K=200 vol_adj=False neutral=sector
     0.04     0.00   28%   58% |      0.00     0.00   69% | H=2 gap=0 K=100 vol_adj=True neutral=none
     0.04     0.00   28%   87% |      0.00     0.00   67% | H=1 gap=1 K=350 vol_adj=False neutral=none
     0.04     0.00   21%   60% |      0.00     0.00   76% | H=2 gap=0 K=200 vol_adj=True neutral=sector
     0.02     0.00   36%   43% |      0.19     0.01   20% | H=5 gap=1 K=200 vol_adj=True neutral=none
     0.02     0.00   38%   72% |      0.51     0.00   27% | H=2 gap=1 K=350 vol_adj=True neutral=none
     0.01     0.00   28%   71% |      0.00     0.00   90% | H=2 gap=0 K=524 vol_adj=True neutral=sector
     0.01     0.00   38%   31% |      0.72     0.00   24% | H=10 gap=0 K=350 vol_adj=False neutral=none
     0.00     0.00   42%   68% |      0.02     0.00   37% | H=2 gap=1 K=524 vol_adj=False neutral=none
     0.00     0.00   43%   23% |      0.31     0.00   28% | H=10 gap=1 K=100 vol_adj=False neutral=none
     0.00     0.00   45%   30% |      0.01     0.00   36% | H=10 gap=1 K=350 vol_adj=False neutral=none
     0.00     0.00   42%   71% |      0.00     0.00  100% | H=2 gap=0 K=350 vol_adj=True neutral=none
     0.00     0.00   42%   89% |      0.00     0.00   82% | H=1 gap=1 K=524 vol_adj=False neutral=none
     0.00     0.00   47%   52% |      0.00     0.00   50% | H=3 gap=1 K=200 vol_adj=True neutral=none
     0.00     0.00   49%   75% |      0.00     0.00   53% | H=2 gap=1 K=524 vol_adj=True neutral=none
     0.00     0.00   49%   24% |      0.02     0.00   34% | H=10 gap=1 K=100 vol_adj=True neutral=none
     0.00     0.00  100%   88% |      0.00     0.00   97% | H=1 gap=1 K=200 vol_adj=True neutral=none
     0.00     0.00  100%   79% |      0.00     0.00   99% | H=1 gap=1 K=100 vol_adj=True neutral=none
     0.00     0.00   98%   93% |      0.00     0.00  100% | H=1 gap=1 K=350 vol_adj=True neutral=none
     0.00     0.00   87%   58% |      0.00     0.00   56% | H=2 gap=1 K=100 vol_adj=True neutral=none
     0.00     0.00   83%   89% |      0.00     0.00   80% | H=1 gap=1 K=350 vol_adj=True neutral=sector
     0.00     0.00   79%   95% |      0.00     0.00   43% | H=1 gap=1 K=524 vol_adj=True neutral=none
     0.00     0.00   79%   35% |      0.00     0.00   57% | H=10 gap=0 K=350 vol_adj=True neutral=none
     0.00     0.00   79%   31% |      0.00     0.00   45% | H=10 gap=0 K=200 vol_adj=True neutral=none
     0.00     0.00   77%   92% |      0.00     0.00   47% | H=1 gap=1 K=524 vol_adj=True neutral=sector
     0.00     0.00   77%   38% |      0.00     0.00   62% | H=10 gap=0 K=524 vol_adj=True neutral=none
     0.00     0.00   77%   38% |      0.00     0.00   62% | H=10 gap=1 K=524 vol_adj=True neutral=none
     0.00     0.00   77%   36% |      0.00     0.00   56% | H=10 gap=1 K=350 vol_adj=True neutral=none
     0.00     0.00   77%   31% |      0.00     0.00   46% | H=10 gap=1 K=200 vol_adj=True neutral=none
     0.00     0.00   74%   84% |      0.00     0.00   46% | H=1 gap=1 K=200 vol_adj=True neutral=sector
     0.00     0.00   66%   75% |      0.00     0.00   86% | H=1 gap=1 K=100 vol_adj=False neutral=none
     0.00     0.00   66%   66% |      0.19     0.00   26% | H=2 gap=1 K=200 vol_adj=True neutral=none
     0.00     0.00   64%   61% |      0.00     0.00   79% | H=3 gap=1 K=524 vol_adj=True neutral=none
     0.00     0.00   62%   53% |      0.12     0.00   28% | H=2 gap=1 K=100 vol_adj=False neutral=none
     0.00     0.00   62%   44% |      0.00     0.00   54% | H=3 gap=1 K=100 vol_adj=True neutral=none
     0.00     0.00   62%   24% |      0.00     0.00   59% | H=10 gap=0 K=100 vol_adj=True neutral=none
     0.00     0.00   60%   58% |      0.00     0.00   65% | H=3 gap=1 K=350 vol_adj=True neutral=none
     0.00     0.00   58%   27% |      0.00     0.00   50% | H=10 gap=1 K=200 vol_adj=False neutral=none
     0.00     0.00   55%   65% |      0.00     0.00  100% | H=2 gap=0 K=200 vol_adj=True neutral=none
