H1 K100 raw  none              median     0.084  p25    0.000  p75     3.873  zero  36%  turnover 74.7%
H1 K100 raw  mkt               median     0.084  p25    0.000  p75     3.873  zero  36%  turnover 74.7%
H1 K100 raw  sector            median     7.417  p25    0.005  p75    69.624  zero  25%  turnover 65.1%
H1 K100 vadj none              median     0.147  p25    0.000  p75     0.769  zero  36%  turnover 78.6%
H1 K100 vadj mkt               median     0.147  p25    0.000  p75     0.769  zero  36%  turnover 78.6%
H1 K100 vadj sector            median     3.193  p25    0.000  p75    44.602  zero  26%  turnover 69.0%
H1 K200 raw  none              median     0.495  p25    0.000  p75     7.287  zero  25%  turnover 83.3%
H1 K200 raw  mkt               median     0.495  p25    0.000  p75     7.287  zero  25%  turnover 83.3%
H1 K200 raw  sector            median     3.531  p25    0.045  p75    24.073  zero  15%  turnover 77.8%
H1 K200 vadj none              median     0.052  p25    0.000  p75     0.263  zero  40%  turnover 87.1%
H1 K200 vadj mkt               median     0.052  p25    0.000  p75     0.263  zero  40%  turnover 87.1%
H1 K200 vadj sector            median     5.142  p25    0.729  p75    17.066  zero  13%  turnover 84.4%
H1 K350 raw  none              median     0.872  p25    0.000  p75     4.083  zero  23%  turnover 86.9%
H1 K350 raw  mkt               median     0.872  p25    0.000  p75     4.083  zero  23%  turnover 86.9%
H1 K350 raw  sector            median     0.826  p25    0.000  p75     8.520  zero  26%  turnover 82.7%
H1 K350 vadj none              median     0.100  p25    0.000  p75     0.238  zero  30%  turnover 90.9%
H1 K350 vadj mkt               median     0.100  p25    0.000  p75     0.238  zero  30%  turnover 90.9%
H1 K350 vadj sector            median     0.029  p25    0.000  p75     0.151  zero  38%  turnover 88.8%
H1 K524 raw  none              median     0.189  p25    0.000  p75     1.750  zero  32%  turnover 88.9%
H1 K524 raw  mkt               median     0.189  p25    0.000  p75     1.750  zero  32%  turnover 88.9%
H1 K524 raw  sector            median     0.189  p25    0.000  p75     3.903  zero  25%  turnover 86.3%
H1 K524 vadj none              median     0.655  p25    0.007  p75     2.187  zero  19%  turnover 93.3%
H1 K524 vadj mkt               median     0.655  p25    0.007  p75     2.187  zero  19%  turnover 93.3%
H1 K524 vadj sector            median     0.000  p25    0.000  p75     0.000  zero  79%  turnover 91.1%
H2 K100 raw  none              median     5.300  p25    0.082  p75    21.145  zero   9%  turnover 53.4%
H2 K100 raw  mkt               median     5.300  p25    0.082  p75    21.145  zero   9%  turnover 53.4%
H2 K100 raw  sector            median    10.735  p25    0.174  p75    47.985  zero   8%  turnover 43.9%
H2 K100 vadj none              median    10.083  p25    0.480  p75    28.450  zero   8%  turnover 57.7%
H2 K100 vadj mkt               median    10.083  p25    0.480  p75    28.450  zero   8%  turnover 57.7%
H2 K100 vadj sector            median     2.981  p25    0.010  p75    42.900  zero  17%  turnover 46.7%
H2 K200 raw  none              median     2.342  p25    0.000  p75    21.225  zero  17%  turnover 61.1%
H2 K200 raw  mkt               median     2.342  p25    0.000  p75    21.225  zero  17%  turnover 61.1%
H2 K200 raw  sector            median     1.935  p25    0.001  p75    32.327  zero  21%  turnover 54.9%
H2 K200 vadj none              median     0.301  p25    0.056  p75     0.796  zero  21%  turnover 64.7%
H2 K200 vadj mkt               median     0.301  p25    0.056  p75     0.796  zero  21%  turnover 64.7%
H2 K200 vadj sector            median     0.585  p25    0.000  p75     4.462  zero  28%  turnover 60.0%
H2 K350 raw  none              median     1.029  p25    0.004  p75     6.339  zero  21%  turnover 65.0%
H2 K350 raw  mkt               median     1.029  p25    0.004  p75     6.339  zero  21%  turnover 65.0%
H2 K350 raw  sector            median     1.690  p25    0.017  p75    16.632  zero  21%  turnover 60.5%
H2 K350 vadj none              median     2.503  p25    0.259  p75     4.425  zero  11%  turnover 70.6%
