NULL std NULL std                       median     2.021  p25    0.000  p75    18.965  zero  28%  turnover  0.3%
NULL long NULL long                      median     0.267  p25    0.000  p75    16.335  zero  32%  turnover  0.2%
NULL all NULL all                       median     2.126  p25    0.000  p75    19.043  zero  30%  turnover  0.3%
     med     p25  zero  turn |   L25med     p25  zero |   ALLmed     p25  zero | cfg
  135.52   85.86    0%   90% |    36.22    0.00   29% |   136.79   82.11    0% | clip=0.1
   93.03   62.65    0%   89% |    34.44    0.00   24% |    88.42   58.89    0% | clip=0.15
   88.00   56.19    0%   89% |    30.87    0.00   25% |    87.26   53.97    0% | top_n=20 weighting=equal
   88.00   56.19    0%   89% |    30.87    0.00   25% |    87.26   53.97    0% | 
   86.66   57.45    0%   89% |    30.33    0.00   25% |    85.85   55.23    0% | clip=0.25
   85.59   49.43    0%   92% |    28.85    0.00   25% |    75.19   46.35    0% | top_n=20 weighting=inverse_vol
   85.24   54.87    0%   89% |    33.02    0.03   21% |    84.89   54.45    0% | drop_etf=True
   83.98   54.15    0%   89% |    30.45    0.00   27% |    80.70   51.59    0% | minprice=10.0
   76.49   44.72    0%   90% |    24.54    0.00   26% |    73.68   40.70    0% | top_n=15 weighting=equal
   70.83   39.91    0%   90% |    18.60    0.00   24% |    70.83   39.91    0% | capvol=0.05
   65.81   39.98    0%   87% |    25.18    0.50   16% |    65.73   36.18    0% | top_n=30 weighting=equal
   56.36   29.35    0%   92% |    17.47    0.00   24% |    51.24   29.15    0% | top_n=15 weighting=inverse_vol
   53.53   33.31    0%   87% |    21.55    0.71   12% |    55.34   32.02    0% | drop_etf=True top_n=30
   53.04   30.06    0%   90% |    17.33    0.50   16% |    50.37   28.17    0% | top_n=30 weighting=inverse_vol
   45.65   18.31    0%   91% |    22.64    1.26   14% |    50.58   18.56    0% | top_n=10 weighting=equal
   37.14   16.80    2%   85% |    11.71    0.20   15% |    36.83   16.53    1% | top_n=40 weighting=equal
   30.71   16.79    2%   89% |     7.54    0.22   17% |    31.18   16.79    1% | top_n=40 weighting=inverse_vol
   25.38   10.43    2%   91% |     6.20    0.64    8% |    25.38    9.75    1% | capvol=0.03
   22.81    8.33    0%   93% |    11.43    0.94   14% |    20.39    7.27    0% | top_n=10 weighting=inverse_vol
   15.52    7.99    2%   82% |     6.11    0.51   14% |    15.31    6.86    1% | top_n=60 weighting=equal
   12.14    5.38    2%   86% |     5.15    0.38   14% |    12.14    5.08    1% | top_n=60 weighting=inverse_vol
    4.92    1.17    0%   90% |     2.91    0.56   11% |     4.29    1.38    0% | capvol=0.02
