   88.001   56.194   129.179 zero   0% to  89%  H=1 K=524 vol_adj=False neutral=none
   82.188   55.382   108.994 zero   0% to  88%  H=1 K=400 vol_adj=False neutral=none
   47.610   36.118    78.365 zero   0% to  92%  H=1 K=400 vol_adj=True neutral=none
   47.466   31.451    63.353 zero   0% to  89%  H=1 K=250 vol_adj=True neutral=none
   41.028   10.832    89.889 zero   2% to  75%  H=1 K=100 vol_adj=False neutral=none
   40.808   18.081    59.050 zero   2% to  85%  H=1 K=250 vol_adj=False neutral=none
   33.627   21.130    87.893 zero   0% to  93%  H=1 K=524 vol_adj=True neutral=none
   27.360    6.650    71.390 zero   0% to  65%  H=1 K=60 vol_adj=True neutral=none
   21.652    8.019    33.793 zero   6% to  84%  H=1 K=150 vol_adj=True neutral=none
   19.147    1.323    55.024 zero   2% to  17%  H=10 K=60 vol_adj=True neutral=sector
   18.968    9.288    33.274 zero   2% to  80%  H=1 K=150 vol_adj=False neutral=none
   17.401    3.943    54.946 zero   0% to  63%  H=1 K=60 vol_adj=False neutral=none
   15.524    2.339    36.250 zero   4% to  22%  H=10 K=100 vol_adj=True neutral=sector
   15.434    2.994    28.627 zero   2% to  74%  H=1 K=150 vol_adj=False neutral=sector
   14.535    2.118    36.987 zero  11% to  27%  H=5 K=60 vol_adj=False neutral=none
   13.984    5.772    35.471 zero   2% to  47%  H=5 K=524 vol_adj=True neutral=sector
   13.895    0.683    43.971 zero   6% to  54%  H=1 K=60 vol_adj=False neutral=sector
   13.035    3.345    37.721 zero   2% to  79%  H=1 K=100 vol_adj=True neutral=none
   12.386    1.361    29.545 zero   9% to  28%  H=5 K=60 vol_adj=True neutral=none
   12.324    3.459    51.415 zero   6% to  69%  H=1 K=100 vol_adj=True neutral=sector
   11.968    0.011    50.423 zero  13% to  55%  H=1 K=60 vol_adj=True neutral=sector
   11.514    1.481    26.524 zero   2% to  80%  H=1 K=250 vol_adj=False neutral=sector
   10.942    1.961    22.394 zero   9% to  41%  H=5 K=400 vol_adj=False neutral=sector
   10.810    0.019    56.956 zero  15% to  18%  H=10 K=60 vol_adj=False neutral=sector
   10.422    0.547    31.846 zero   2% to  21%  H=10 K=100 vol_adj=False neutral=sector
    9.477    0.478    33.681 zero   2% to  65%  H=1 K=100 vol_adj=False neutral=sector
    8.757    1.884    17.688 zero   2% to  86%  H=1 K=524 vol_adj=False neutral=sector
    8.581    0.894    20.086 zero   2% to  84%  H=1 K=400 vol_adj=False neutral=sector
    8.521    3.511    25.392 zero   6% to  42%  H=5 K=524 vol_adj=False neutral=sector
    8.472    0.879    17.057 zero   9% to  27%  H=10 K=150 vol_adj=True neutral=sector
    8.308    0.425    24.099 zero  23% to  34%  H=5 K=100 vol_adj=False neutral=none
    7.841    2.459    20.553 zero   8% to  30%  H=5 K=100 vol_adj=True neutral=sector
    7.594    0.125    26.855 zero  11% to  41%  H=5 K=250 vol_adj=False neutral=none
    7.511    0.072    37.349 zero   9% to  30%  H=3 K=60 vol_adj=False neutral=sector
    7.468    0.468    26.360 zero   9% to  30%  H=10 K=524 vol_adj=False neutral=sector
    7.075    0.122    22.308 zero   9% to  19%  H=8 K=60 vol_adj=True neutral=sector
    6.653    1.451    19.135 zero   9% to  45%  H=5 K=400 vol_adj=True neutral=sector
    6.588    0.560    15.847 zero   4% to  53%  H=3 K=524 vol_adj=False neutral=sector
    6.567    0.683    16.955 zero   8% to  45%  H=5 K=250 vol_adj=True neutral=none
    6.507    0.413    16.090 zero   9% to  23%  H=10 K=150 vol_adj=False neutral=sector
    6.481    0.162    21.542 zero   9% to  28%  H=10 K=400 vol_adj=False neutral=sector
    6.476    0.065    43.722 zero   9% to  30%  H=3 K=60 vol_adj=True neutral=sector
    6.136    1.116    17.120 zero   4% to  51%  H=3 K=400 vol_adj=False neutral=sector
    5.858    1.075    15.724 zero   2% to  55%  H=3 K=524 vol_adj=False neutral=none
    5.456    1.384    16.151 zero  13% to  79%  H=1 K=150 vol_adj=True neutral=sector
    5.070    0.591    13.413 zero  11% to  42%  H=5 K=250 vol_adj=True neutral=sector
    5.028    0.167    20.377 zero  15% to  38%  H=5 K=150 vol_adj=False neutral=none
    5.008    0.731    15.190 zero   9% to  32%  H=5 K=150 vol_adj=False neutral=sector
    4.966    0.428     9.924 zero   9% to  58%  H=3 K=524 vol_adj=True neutral=sector
    4.871    0.683    14.160 zero   8% to  53%  H=3 K=400 vol_adj=False neutral=none
    4.723    0.122    22.551 zero  11% to  20%  H=8 K=60 vol_adj=False neutral=sector
    4.355    0.297    26.772 zero   6% to  44%  H=5 K=524 vol_adj=False neutral=none
    4.167    0.485    11.766 zero   9% to  19%  H=10 K=60 vol_adj=True neutral=none
    4.029    0.262    22.910 zero   9% to  23%  H=8 K=100 vol_adj=False neutral=sector
    3.845    0.085    42.368 zero  15% to  24%  H=5 K=60 vol_adj=True neutral=sector
    3.819    0.065    13.421 zero   9% to  41%  H=3 K=150 vol_adj=False neutral=sector
    3.711    0.250    16.858 zero   6% to  37%  H=3 K=100 vol_adj=True neutral=sector
    3.643    0.277     9.837 zero  11% to  37%  H=5 K=150 vol_adj=True neutral=sector
    3.517    0.611    12.235 zero   8% to  34%  H=8 K=524 vol_adj=False neutral=sector
    3.511    0.974     8.031 zero   9% to  47%  H=3 K=250 vol_adj=False neutral=sector
    3.492    0.281    27.846 zero   8% to  44%  H=5 K=400 vol_adj=False neutral=none
    3.464    0.563    10.489 zero   6% to  50%  H=3 K=250 vol_adj=False neutral=none
    3.454    0.376     8.050 zero  11% to  19%  H=10 K=60 vol_adj=False neutral=none
    3.336    0.156    21.893 zero  11% to  24%  H=5 K=60 vol_adj=False neutral=sector
    3.207    0.000    32.597 zero  34% to  37%  H=2 K=60 vol_adj=True neutral=sector
    3.111    0.465    25.626 zero  11% to  27%  H=10 K=250 vol_adj=False neutral=sector
    3.090    0.277    17.909 zero   4% to  59%  H=3 K=400 vol_adj=True neutral=none
    2.981    0.534    17.591 zero   9% to  22%  H=8 K=60 vol_adj=True neutral=none
    2.978    0.171     9.135 zero  11% to  28%  H=5 K=100 vol_adj=False neutral=sector
    2.829    0.295    13.329 zero  11% to  23%  H=8 K=100 vol_adj=True neutral=sector
    2.822    0.421    21.352 zero   9% to  38%  H=8 K=524 vol_adj=True neutral=sector
    2.709    0.016    17.661 zero  13% to  36%  H=3 K=100 vol_adj=False neutral=sector
    2.562    0.236    22.264 zero   4% to  60%  H=3 K=524 vol_adj=True neutral=none
    2.457    0.056    20.167 zero   8% to  47%  H=2 K=100 vol_adj=True neutral=sector
    2.420    0.773     6.747 zero   6% to  91%  H=1 K=524 vol_adj=True neutral=sector
    2.409    0.213     5.778 zero  11% to  37%  H=5 K=250 vol_adj=False neutral=sector
    2.356    0.212    21.459 zero   6% to  21%  H=8 K=60 vol_adj=False neutral=none
    2.340    0.256    18.048 zero   9% to  26%  H=8 K=150 vol_adj=False neutral=sector
    2.339    0.274     5.127 zero   9% to  46%  H=3 K=150 vol_adj=True neutral=sector
    2.280    0.805     4.357 zero   2% to  62%  H=2 K=400 vol_adj=False neutral=sector
    2.140    0.059    10.115 zero  11% to  44%  H=2 K=100 vol_adj=False neutral=sector
    2.128    0.909     6.045 zero   4% to  57%  H=2 K=250 vol_adj=False neutral=sector
    2.044    0.422     9.456 zero  13% to  36%  H=3 K=60 vol_adj=True neutral=none
    1.941    0.291     8.780 zero  11% to  28%  H=8 K=100 vol_adj=False neutral=none
    1.912    0.000     9.944 zero  26% to  36%  H=5 K=100 vol_adj=True neutral=none
    1.754    0.058     4.698 zero  11% to  29%  H=8 K=150 vol_adj=True neutral=sector
    1.743    0.003     8.880 zero  23% to  32%  H=8 K=400 vol_adj=False neutral=sector
    1.632    0.335    13.479 zero   8% to  35%  H=8 K=400 vol_adj=False neutral=none
    1.597    0.772     5.942 zero   4% to  65%  H=2 K=524 vol_adj=False neutral=sector
    1.592    0.000    17.775 zero  23% to  50%  H=5 K=400 vol_adj=True neutral=none
    1.555    0.063     9.094 zero  13% to  86%  H=1 K=250 vol_adj=True neutral=sector
    1.451    0.030     4.211 zero  15% to  90%  H=1 K=400 vol_adj=True neutral=sector
    1.422    0.481     6.637 zero   2% to  54%  H=3 K=250 vol_adj=True neutral=none
    1.377    0.017     3.396 zero  19% to  68%  H=2 K=524 vol_adj=False neutral=none
    1.275    0.000    15.888 zero  25% to  38%  H=2 K=60 vol_adj=False neutral=sector
    1.195    0.355     4.296 zero  11% to  56%  H=3 K=400 vol_adj=True neutral=sector
    1.186    0.202     4.014 zero   9% to  66%  H=2 K=400 vol_adj=False neutral=none
    1.182    0.290     7.685 zero   8% to  36%  H=8 K=524 vol_adj=False neutral=none
    1.175    0.004     6.807 zero  23% to  29%  H=10 K=250 vol_adj=True neutral=sector
    1.151    0.057     5.446 zero  11% to  30%  H=8 K=150 vol_adj=False neutral=none
    1.088    0.007     2.943 zero  21% to  41%  H=3 K=100 vol_adj=False neutral=none
    0.981    0.024    10.531 zero  15% to  30%  H=8 K=250 vol_adj=False neutral=sector
    0.869    0.000    16.644 zero  28% to  46%  H=2 K=60 vol_adj=True neutral=none
    0.861    0.017     3.651 zero  15% to  45%  H=3 K=150 vol_adj=False neutral=none
    0.847    0.032     7.588 zero  13% to  34%  H=3 K=60 vol_adj=False neutral=none
    0.831    0.041     4.271 zero  11% to  53%  H=2 K=100 vol_adj=False neutral=none
    0.801    0.032     2.519 zero  17% to  56%  H=2 K=150 vol_adj=True neutral=sector
    0.784    0.050     1.630 zero  19% to  63%  H=2 K=250 vol_adj=False neutral=none
    0.775    0.005     4.681 zero  23% to  24%  H=10 K=100 vol_adj=False neutral=none
    0.745    0.166     7.645 zero  11% to  34%  H=10 K=524 vol_adj=True neutral=sector
    0.725    0.000    10.421 zero  21% to  50%  H=5 K=524 vol_adj=True neutral=none
    0.675    0.002    14.020 zero  23% to  43%  H=2 K=60 vol_adj=False neutral=none
    0.664    0.005     2.836 zero  23% to  34%  H=8 K=250 vol_adj=False neutral=none
    0.631    0.037     2.427 zero  11% to  44%  H=3 K=100 vol_adj=True neutral=none
    0.571    0.092     1.602 zero  11% to  51%  H=3 K=250 vol_adj=True neutral=sector
    0.555    0.033     1.394 zero  19% to  63%  H=2 K=250 vol_adj=True neutral=sector
    0.468    0.000     0.981 zero  26% to  74%  H=2 K=524 vol_adj=True neutral=none
    0.455    0.072     3.446 zero  13% to  33%  H=10 K=400 vol_adj=True neutral=sector
    0.437    0.000     5.267 zero  38% to  39%  H=8 K=400 vol_adj=True neutral=none
    0.379    0.000     2.164 zero  25% to  25%  H=10 K=150 vol_adj=False neutral=none
    0.366    0.054     1.792 zero  17% to  51%  H=2 K=150 vol_adj=False neutral=sector
    0.287    0.000     0.567 zero  28% to  72%  H=2 K=400 vol_adj=True neutral=none
    0.267    0.000     4.254 zero  25% to  35%  H=8 K=400 vol_adj=True neutral=sector
    0.219    0.010     0.698 zero  21% to  67%  H=2 K=400 vol_adj=True neutral=sector
    0.186    0.004     0.890 zero  13% to  48%  H=3 K=150 vol_adj=True neutral=none
    0.139    0.000     1.539 zero  21% to  58%  H=2 K=150 vol_adj=False neutral=none
    0.137    0.000     1.483 zero  36% to  31%  H=10 K=524 vol_adj=False neutral=none
    0.134    0.000     2.205 zero  34% to  28%  H=8 K=100 vol_adj=True neutral=none
    0.060    0.000     0.844 zero  34% to  39%  H=5 K=150 vol_adj=True neutral=none
    0.060    0.000     1.163 zero  36% to  30%  H=10 K=400 vol_adj=False neutral=none
    0.044    0.000     0.845 zero  28% to  58%  H=2 K=100 vol_adj=True neutral=none
    0.044    0.000     1.378 zero  40% to  37%  H=8 K=250 vol_adj=True neutral=none
    0.033    0.000     0.772 zero  38% to  33%  H=8 K=250 vol_adj=True neutral=sector
    0.023    0.000     1.508 zero  42% to  41%  H=8 K=524 vol_adj=True neutral=none
    0.016    0.000     0.688 zero  38% to  28%  H=10 K=250 vol_adj=False neutral=none
    0.013    0.000     0.293 zero  28% to  71%  H=2 K=524 vol_adj=True neutral=sector
    0.000    0.000     0.026 zero  43% to  62%  H=2 K=150 vol_adj=True neutral=none
    0.000    0.000     0.087 zero  58% to  33%  H=8 K=150 vol_adj=True neutral=none
    0.000    0.000     0.028 zero  62% to  24%  H=10 K=100 vol_adj=True neutral=none
    0.000    0.000     0.009 zero  53% to  67%  H=2 K=250 vol_adj=True neutral=none
    0.000    0.000     0.000 zero  83% to  27%  H=10 K=150 vol_adj=True neutral=none
    0.000    0.000     0.000 zero  81% to  33%  H=10 K=250 vol_adj=True neutral=none
    0.000    0.000     0.000 zero  77% to  38%  H=10 K=524 vol_adj=True neutral=none
    0.000    0.000     0.000 zero  77% to  37%  H=10 K=400 vol_adj=True neutral=none
